<test-run name="Hartonomous" total="6" passed="6" failed="0" inconclusive="0" skipped="0" result="Success" start-time="2025-11-16T23:21:00.5900000" end-time="2025-11-16T23:21:00.5900000" duration="0.001"><test-suite name="SchemaValidation" result="Success" duration="0.000000" total="2" passed="2" failed="0"><test-case name="Core_Tables_Exist" result="PASSED" duration="0.000000" start-time="2025-11-16T23:21:00.5900000" end-time="2025-11-16T23:21:00.5900000"/><test-case name="Foreign_Keys_Exist" result="PASSED" duration="0.000000" start-time="2025-11-16T23:21:00.5900000" end-time="2025-11-16T23:21:00.5900000"/></test-suite><test-suite name="SmokeTests" result="Success" duration="0.001000" total="4" passed="4" failed="0"><test-case name="CLR_Functions_Exist" result="PASSED" duration="0.000000" start-time="2025-11-16T23:21:00.5900000" end-time="2025-11-16T23:21:00.5900000"/><test-case name="Spatial_Projection_Works" result="PASSED" duration="0.001000" start-time="2025-11-16T23:21:00.5900000" end-time="2025-11-16T23:21:00.5900000"/><test-case name="Service_Broker_Enabled" result="PASSED" duration="0.000000" start-time="2025-11-16T23:21:00.5900000" end-time="2025-11-16T23:21:00.5900000"/><test-case name="Spatial_Indexes_Exist" result="PASSED" duration="0.000000" start-time="2025-11-16T23:21:00.5900000" end-time="2025-11-16T23:21:00.5900000"/></test-suite></test-run>
